// Jest Snapshot v1, https://goo.gl/fbAQLP

exports[`renders correctly 1`] = `
<div
  className="quotePage"
>
  <p
    className="quote"
  >
    loading ...
  </p>
</div>
`;
